2025/10/17 12:06:45 [WARN] Skipping unresolvable module inline (tried \\?\O:\RustDesk-build\rustdesk-flutter\src\inline.rs, \\?\O:\RustDesk-build\rustdesk-flutter\src\inline\mod.rs, \\?\O:\RustDesk-build\rustdesk-flutter\src\ui\inline.rs, \\?\O:\RustDesk-build\rustdesk-flutter\src\ui\inline\mod.rs, )
2025/10/17 12:06:45 [WARN] Skipping unresolvable module bridge_generated (tried \\?\O:\RustDesk-build\rustdesk-flutter\src\bridge_generated.rs, \\?\O:\RustDesk-build\rustdesk-flutter\src\bridge_generated\mod.rs, \\?\O:\RustDesk-build\rustdesk-flutter\src\lib\bridge_generated.rs, \\?\O:\RustDesk-build\rustdesk-flutter\src\lib\bridge_generated\mod.rs, )
2025/10/17 12:06:48 [INFO] Phase: Validate config(s)
2025/10/17 12:06:48 [INFO] Picked config: Opts { rust_input_path: "O:\\rustdesk-build\\rustdesk-flutter\\./src/flutter_ffi.rs", dart_output_path: "O:\\rustdesk-build\\rustdesk-flutter\\./flutter/lib/generated_bridge.dart", dart_decl_output_path: None, c_output_path: ["O:\\rustdesk-build\\rustdesk-flutter\\./flutter/macos/Runner/bridge_generated.h"], rust_crate_dir: "O:\\rustdesk-build\\rustdesk-flutter", rust_output_path: "O:\\rustdesk-build\\rustdesk-flutter\\./src\\bridge_generated.rs", class_name: "Rustdesk", dart_format_line_length: 80, dart_enums_style: false, skip_add_mod_to_lib: false, llvm_path: ["/opt/homebrew/opt/llvm", "/usr/local/opt/llvm", "/usr/lib/llvm-9", "/usr/lib/llvm-10", "/usr/lib/llvm-11", "/usr/lib/llvm-12", "/usr/lib/llvm-13", "/usr/lib/llvm-14", "/usr/lib/", "/usr/lib64/", "C:/Program Files/llvm", "C:/msys64/mingw64"], llvm_compiler_opts: "", manifest_path: "O:\\rustdesk-build\\rustdesk-flutter\\Cargo.toml", dart_root: Some("O:\\rustdesk-build\\rustdesk-flutter\\./flutter"), build_runner: true, block_index: BlockIndex(0), skip_deps_check: false, wasm_enabled: false, inline_rust: false, bridge_in_method: true, extra_headers: "", dart3: true, keep_going: false }
2025/10/17 12:06:48 [INFO] Phase: Parse source code to AST, then to IR
2025/10/17 12:06:54 [WARN] Skipping unresolvable module inline (tried \\?\O:\RustDesk-build\rustdesk-flutter\src\inline.rs, \\?\O:\RustDesk-build\rustdesk-flutter\src\inline\mod.rs, \\?\O:\RustDesk-build\rustdesk-flutter\src\ui\inline.rs, \\?\O:\RustDesk-build\rustdesk-flutter\src\ui\inline\mod.rs, )
2025/10/17 12:06:54 [WARN] Skipping unresolvable module bridge_generated (tried \\?\O:\RustDesk-build\rustdesk-flutter\src\bridge_generated.rs, \\?\O:\RustDesk-build\rustdesk-flutter\src\bridge_generated\mod.rs, \\?\O:\RustDesk-build\rustdesk-flutter\src\lib\bridge_generated.rs, \\?\O:\RustDesk-build\rustdesk-flutter\src\lib\bridge_generated\mod.rs, )
2025/10/17 12:06:55 [INFO] Phase: Transform IR
2025/10/17 12:06:55 [INFO] Phase: Generate Rust code
2025/10/17 12:06:55 [INFO] Phase: Generate Dart code
& : The term 'flutter' is not recognized as the name of a cmdlet, function, script file, or operable program. Check 
the spelling of the name, or if a path was included, verify that the path is correct and try again.
At line:1 char:3
+ & "flutter" "--version"
+   ~~~~~~~~~
    + CategoryInfo          : ObjectNotFound: (flutter:String) [], CommandNotFoundException
    + FullyQualifiedErrorId : CommandNotFoundException
 
2025/10/17 12:07:11 [WARN] command="powershell" "-noprofile" "-command" "& \"flutter\" \"--version\"" stdout= stderr=
2025/10/17 12:07:11 [ERROR] Fatal error encountered. Rerun with RUST_BACKTRACE=1 or RUST_BACKTRACE=full for more details.
Error: External command failure.
flutter is not a command, or not executable.

Caused by:
    flutter is not a command, or not executable.
