   Compiling protobuf-parse v3.7.2
   Compiling libsodium-sys v0.2.7
   Compiling quote v0.6.13
   Compiling zerocopy v0.8.26
   Compiling dirs-sys-next v0.1.2
   Compiling getrandom v0.2.15
   Compiling equivalent v1.0.1
   Compiling zstd-safe v7.1.0
   Compiling anstyle v1.0.7
   Compiling fnv v1.0.7
   Compiling either v1.13.0
   Compiling utf8parse v0.2.2
   Compiling ntapi v0.4.1
   Compiling hashbrown v0.14.5
   Compiling anstyle-parse v0.2.4
   Compiling http v1.3.1
   Compiling indexmap v2.2.6
   Compiling anstyle-wincon v3.0.3
   Compiling rand_core v0.6.4
   Compiling rand v0.9.0
   Compiling protobuf-codegen v3.7.2
   Compiling syn v0.15.44
   Compiling rayon-core v1.12.1
   Compiling num-traits v0.2.19
   Compiling machine-uid v0.3.0 (https://github.com/rustdesk-org/machine-uid#381ff579)
   Compiling httparse v1.10.1
   Compiling unicode-normalization v0.1.23
   Compiling sha1 v0.10.6
   Compiling zstd-sys v2.0.11+zstd.1.5.6
   Compiling windows-core v0.51.1
   Compiling windows-sys v0.48.0
   Compiling anyhow v1.0.98
   Compiling backtrace v0.3.73
   Compiling toml_datetime v0.6.3
   Compiling serde_spanned v0.6.6
   Compiling anstyle-query v1.1.0
   Compiling pin-project-internal v1.1.5
   Compiling utf-8 v0.7.6
   Compiling is_terminal_polyfill v1.70.0
   Compiling colorchoice v1.0.1
   Compiling once_cell v1.19.0
   Compiling data-encoding v2.9.0
   Compiling protobuf v3.7.2
   Compiling winnow v0.5.40
   Compiling serde_json v1.0.118
   Compiling signature v1.6.4
   Compiling windows-link v0.1.1
   Compiling unicode-bidi v0.3.15
   Compiling lazy_static v1.5.0
   Compiling percent-encoding v2.3.1
   Compiling form_urlencoded v1.2.1
   Compiling idna v0.5.0
   Compiling chrono v0.4.41
   Compiling ed25519 v1.5.3
   Compiling toml_edit v0.19.15
   Compiling pin-project v1.1.5
   Compiling tungstenite v0.26.2
   Compiling anstream v0.6.14
   Compiling nu-ansi-term v0.49.0
   Compiling windows v0.51.1
   Compiling rayon v1.10.0
   Compiling hbb_common v0.1.0 (C:\RustDesk-build\rustdesk\libs\hbb_common)
   Compiling dlopen_derive v0.1.4
   Compiling rand_chacha v0.3.1
   Compiling directories-next v2.0.0
   Compiling tokio-native-tls v0.3.1
   Compiling env_filter v0.1.3
   Compiling protobuf-support v3.7.2
   Compiling tokio-util v0.7.15
   Compiling futures-executor v0.3.30
   Compiling crossbeam-channel v0.5.13
   Compiling crossbeam-queue v0.3.11
   Compiling winreg v0.11.0
   Compiling toml v0.5.11
memory allocation of 2097120 bytes failed
memory allocation of 36864 bytes failed
