warning: unknown lint: `static_mut_refs`
   --> libs\hbb_common\src\fingerprint.rs:251:17
    |
251 |         #[allow(static_mut_refs)]
    |                 ^^^^^^^^^^^^^^^
    |
    = note: `#[warn(unknown_lints)]` on by default

warning: unknown lint: `static_mut_refs`
   --> libs\hbb_common\src\fingerprint.rs:283:17
    |
283 |         #[allow(static_mut_refs)]
    |                 ^^^^^^^^^^^^^^^

warning: `hbb_common` (lib) generated 2 warnings
    Finished release [optimized] target(s) in 3.48s
warning: unknown lint: `static_mut_refs`
   --> libs\hbb_common\src\fingerprint.rs:251:17
    |
251 |         #[allow(static_mut_refs)]
    |                 ^^^^^^^^^^^^^^^
    |
    = note: `#[warn(unknown_lints)]` on by default

warning: unknown lint: `static_mut_refs`
   --> libs\hbb_common\src\fingerprint.rs:283:17
    |
283 |         #[allow(static_mut_refs)]
    |                 ^^^^^^^^^^^^^^^

warning: `hbb_common` (lib) generated 2 warnings
warning: `hbb_common` (lib) generated 2 warnings (2 duplicates)
warning: unused import: `self::vp9e_temporal_layering_mode as VP9E_TEMPORAL_LAYERING_MODE`
   --> O:\RustDesk-build\rustdesk-flutter\target\release\build\scrap-20c911187b02647f\out/vpx_ffi.rs:911:9
    |
911 | pub use self::vp9e_temporal_layering_mode as VP9E_TEMPORAL_LAYERING_MODE;
    |         ^^^^^^^^^^^^^^^^^^^^^^^^^^^^^^^^^^^^^^^^^^^^^^^^^^^^^^^^^^^^^^^^
    |
    = note: `#[warn(unused_imports)]` on by default

warning: `scrap` (lib) generated 1 warning (run `cargo fix --lib -p scrap` to apply 1 suggestion)
warning: the item `System` is imported redundantly
    --> src\platform\windows.rs:3106:9
     |
17   |     sysinfo::{Pid, System},
     |                    ------ the item `System` is already imported here
...
3106 |     use hbb_common::sysinfo::System;
     |         ^^^^^^^^^^^^^^^^^^^^^^^^^^^
     |
     = note: `#[warn(unused_imports)]` on by default

warning: the item `ToSocketAddrs` is imported redundantly
    --> src\common.rs:1780:9
     |
4    |     net::{SocketAddr, ToSocketAddrs},
     |                       ------------- the item `ToSocketAddrs` is already imported here
...
1780 |     use std::net::ToSocketAddrs;
     |         ^^^^^^^^^^^^^^^^^^^^^^^

warning: the item `ToSocketAddrs` is imported redundantly
    --> src\common.rs:1804:9
     |
4    |     net::{SocketAddr, ToSocketAddrs},
     |                       ------------- the item `ToSocketAddrs` is already imported here
...
1804 |     use std::net::ToSocketAddrs;
     |         ^^^^^^^^^^^^^^^^^^^^^^^

warning: unused imports: `MOUSE_BUTTON_LEFT`, `MOUSE_TYPE_DOWN`, `MOUSE_TYPE_UP`, `MOUSE_TYPE_WHEEL`
 --> src\ui_session_interface.rs:3:13
  |
3 |     input::{MOUSE_BUTTON_LEFT, MOUSE_TYPE_DOWN, MOUSE_TYPE_UP, MOUSE_TYPE_WHEEL},
  |             ^^^^^^^^^^^^^^^^^  ^^^^^^^^^^^^^^^  ^^^^^^^^^^^^^  ^^^^^^^^^^^^^^^^

warning: use of deprecated function `hbb_common::base64::encode`: Use Engine::encode
   --> src\hbbs_http\sync.rs:187:52
    |
187 |                         hash = hbb_common::base64::encode(&res[..]);
    |                                                    ^^^^^^
    |
    = note: `#[warn(deprecated)]` on by default

warning: variable does not need to be mutable
  --> src\tray.rs:60:9
   |
60 |     let mut event_loop = EventLoopBuilder::new().build();
   |         ----^^^^^^^^^^
   |         |
   |         help: remove this `mut`
   |
   = note: `#[warn(unused_mut)]` on by default

warning: fields `x` and `y` are never read
   --> src\server\input_service.rs:105:5
    |
102 | struct Input {
    |        ----- fields in this struct
...
105 |     x: i32,
    |     ^
106 |     y: i32,
    |     ^
    |
    = note: `Input` has a derived impl for the trait `Clone`, but this is intentionally ignored during dead code analysis
    = note: `#[warn(dead_code)]` on by default

warning: constant `MOUSE_MOVE_PROTECTION_TIMEOUT` is never used
   --> src\server\input_service.rs:451:7
    |
451 | const MOUSE_MOVE_PROTECTION_TIMEOUT: Duration = Duration::from_millis(1_000);
    |       ^^^^^^^^^^^^^^^^^^^^^^^^^^^^^

warning: constant `MOUSE_ACTIVE_DISTANCE` is never used
   --> src\server\input_service.rs:453:7
    |
453 | const MOUSE_ACTIVE_DISTANCE: i32 = 5;
    |       ^^^^^^^^^^^^^^^^^^^^^

warning: function `get_last_input_cursor_pos` is never used
   --> src\server\input_service.rs:901:4
    |
901 | fn get_last_input_cursor_pos() -> (i32, i32) {
    |    ^^^^^^^^^^^^^^^^^^^^^^^^^

warning: `rustdesk` (lib) generated 10 warnings (run `cargo fix --lib -p rustdesk` to apply 2 suggestions)
    Finished release [optimized] target(s) in 5.26s

Building Windows application...                                 
lib/models/platform_model.dart(2,8): error GFAA2A68C: Error when reading 'lib/generated_bridge.dart': The system cannot find the file specified. [O:\RustDesk-build\rustdesk-flutter\flutter\build\windows\x64\flutter\flutter_assemble.vcxproj]
lib/models/model.dart(47,8): error GFAA2A68C: Error when reading 'lib/generated_bridge.dart': The system cannot find the file specified. [O:\RustDesk-build\rustdesk-flutter\flutter\build\windows\x64\flutter\flutter_assemble.vcxproj]
lib/models/native_model.dart(16,8): error GFAA2A68C: Error when reading 'lib/generated_bridge.dart': The system cannot find the file specified. [O:\RustDesk-build\rustdesk-flutter\flutter\build\windows\x64\flutter\flutter_assemble.vcxproj]
lib/models/platform_model.dart(8,1): error G5FE39F1E: Type 'RustdeskImpl' not found. [O:\RustDesk-build\rustdesk-flutter\flutter\build\windows\x64\flutter\flutter_assemble.vcxproj]
lib/models/native_model.dart(35,8): error G5FE39F1E: Type 'RustdeskImpl' not found. [O:\RustDesk-build\rustdesk-flutter\flutter\build\windows\x64\flutter\flutter_assemble.vcxproj]
lib/models/native_model.dart(44,3): error G5FE39F1E: Type 'RustdeskImpl' not found. [O:\RustDesk-build\rustdesk-flutter\flutter\build\windows\x64\flutter\flutter_assemble.vcxproj]
lib/models/native_model.dart(242,26): error G5FE39F1E: Type 'RustdeskImpl' not found. [O:\RustDesk-build\rustdesk-flutter\flutter\build\windows\x64\flutter\flutter_assemble.vcxproj]
lib/common.dart(2004,48): error GC2F972A8: The argument type 'String?' can't be assigned to the parameter type 'String' because 'String?' is nullable and 'String' isn't. [O:\RustDesk-build\rustdesk-flutter\flutter\build\windows\x64\flutter\flutter_assemble.vcxproj]
lib/models/model.dart(3204,23): error G1D2B1123: 'EventToUI' isn't a type. [O:\RustDesk-build\rustdesk-flutter\flutter\build\windows\x64\flutter\flutter_assemble.vcxproj]
lib/models/model.dart(3257,24): error GBAFEC12A: 'EventToUI_Event' isn't a type. [O:\RustDesk-build\rustdesk-flutter\flutter\build\windows\x64\flutter\flutter_assemble.vcxproj]
lib/models/model.dart(3273,31): error GACE86540: 'EventToUI_Rgba' isn't a type. [O:\RustDesk-build\rustdesk-flutter\flutter\build\windows\x64\flutter\flutter_assemble.vcxproj]
lib/models/model.dart(3288,31): error G72B918CB: 'EventToUI_Texture' isn't a type. [O:\RustDesk-build\rustdesk-flutter\flutter\build\windows\x64\flutter\flutter_assemble.vcxproj]
lib/desktop/pages/desktop_setting_page.dart(1670,33): error GC2F972A8: The argument type 'Future<Null> Function(String)?' can't be assigned to the parameter type 'dynamic Function(dynamic)?'. [O:\RustDesk-build\rustdesk-flutter\flutter\build\windows\x64\flutter\flutter_assemble.vcxproj]
lib/desktop/pages/desktop_setting_page.dart(1675,33): error GC2F972A8: The argument type 'Future<Null> Function(String)?' can't be assigned to the parameter type 'dynamic Function(dynamic)?'. [O:\RustDesk-build\rustdesk-flutter\flutter\build\windows\x64\flutter\flutter_assemble.vcxproj]
lib/desktop/pages/desktop_setting_page.dart(1693,33): error GC2F972A8: The argument type 'Future<Null> Function(String)?' can't be assigned to the parameter type 'dynamic Function(dynamic)?'. [O:\RustDesk-build\rustdesk-flutter\flutter\build\windows\x64\flutter\flutter_assemble.vcxproj]
lib/desktop/pages/desktop_setting_page.dart(1698,33): error GC2F972A8: The argument type 'Future<Null> Function(String)?' can't be assigned to the parameter type 'dynamic Function(dynamic)?'. [O:\RustDesk-build\rustdesk-flutter\flutter\build\windows\x64\flutter\flutter_assemble.vcxproj]
lib/desktop/pages/desktop_setting_page.dart(1716,33): error GC2F972A8: The argument type 'Future<Null> Function(String)?' can't be assigned to the parameter type 'dynamic Function(dynamic)?'. [O:\RustDesk-build\rustdesk-flutter\flutter\build\windows\x64\flutter\flutter_assemble.vcxproj]
lib/desktop/pages/desktop_setting_page.dart(1721,33): error GC2F972A8: The argument type 'Future<Null> Function(String)?' can't be assigned to the parameter type 'dynamic Function(dynamic)?'. [O:\RustDesk-build\rustdesk-flutter\flutter\build\windows\x64\flutter\flutter_assemble.vcxproj]
lib/desktop/pages/desktop_setting_page.dart(1726,33): error GC2F972A8: The argument type 'Future<Null> Function(String)?' can't be assigned to the parameter type 'dynamic Function(dynamic)?'. [O:\RustDesk-build\rustdesk-flutter\flutter\build\windows\x64\flutter\flutter_assemble.vcxproj]
lib/desktop/pages/desktop_setting_page.dart(1731,33): error GC2F972A8: The argument type 'Future<Null> Function(String)?' can't be assigned to the parameter type 'dynamic Function(dynamic)?'. [O:\RustDesk-build\rustdesk-flutter\flutter\build\windows\x64\flutter\flutter_assemble.vcxproj]
lib/desktop/pages/desktop_setting_page.dart(1779,35): error GC2F972A8: The argument type 'Future<Null> Function(String)?' can't be assigned to the parameter type 'dynamic Function(dynamic)?'. [O:\RustDesk-build\rustdesk-flutter\flutter\build\windows\x64\flutter\flutter_assemble.vcxproj]
lib/desktop/pages/desktop_setting_page.dart(1786,35): error GC2F972A8: The argument type 'Future<Null> Function(String)?' can't be assigned to the parameter type 'dynamic Function(dynamic)?'. [O:\RustDesk-build\rustdesk-flutter\flutter\build\windows\x64\flutter\flutter_assemble.vcxproj]
lib/desktop/pages/desktop_setting_page.dart(1796,33): error GC2F972A8: The argument type 'Future<Null> Function(String)?' can't be assigned to the parameter type 'dynamic Function(dynamic)?'. [O:\RustDesk-build\rustdesk-flutter\flutter\build\windows\x64\flutter\flutter_assemble.vcxproj]
lib/desktop/pages/desktop_setting_page.dart(1801,33): error GC2F972A8: The argument type 'Future<Null> Function(String)?' can't be assigned to the parameter type 'dynamic Function(dynamic)?'. [O:\RustDesk-build\rustdesk-flutter\flutter\build\windows\x64\flutter\flutter_assemble.vcxproj]
lib/desktop/pages/desktop_setting_page.dart(1806,33): error GC2F972A8: The argument type 'Future<Null> Function(String)?' can't be assigned to the parameter type 'dynamic Function(dynamic)?'. [O:\RustDesk-build\rustdesk-flutter\flutter\build\windows\x64\flutter\flutter_assemble.vcxproj]
lib/desktop/pages/desktop_setting_page.dart(1811,33): error GC2F972A8: The argument type 'Future<Null> Function(String)?' can't be assigned to the parameter type 'dynamic Function(dynamic)?'. [O:\RustDesk-build\rustdesk-flutter\flutter\build\windows\x64\flutter\flutter_assemble.vcxproj]
lib/common/widgets/dialog.dart(1360,21): error G44692867: A value of type 'String?' can't be assigned to a variable of type 'String' because 'String?' is nullable and 'String' isn't. [O:\RustDesk-build\rustdesk-flutter\flutter\build\windows\x64\flutter\flutter_assemble.vcxproj]
lib/models/native_model.dart(35,8): error G4FA4B0A1: 'RustdeskImpl' isn't a type. [O:\RustDesk-build\rustdesk-flutter\flutter\build\windows\x64\flutter\flutter_assemble.vcxproj]
lib/models/native_model.dart(142,18): error GE5CFE876: The method 'RustdeskImpl' isn't defined for the class 'PlatformFFI'. [O:\RustDesk-build\rustdesk-flutter\flutter\build\windows\x64\flutter\flutter_assemble.vcxproj]
lib/models/native_model.dart(242,26): error G4FA4B0A1: 'RustdeskImpl' isn't a type. [O:\RustDesk-build\rustdesk-flutter\flutter\build\windows\x64\flutter\flutter_assemble.vcxproj]
lib/common/widgets/toolbar.dart(530,39): error G44692867: A value of type 'bool?' can't be assigned to a variable of type 'bool' because 'bool?' is nullable and 'bool' isn't. [O:\RustDesk-build\rustdesk-flutter\flutter\build\windows\x64\flutter\flutter_assemble.vcxproj]
C:\Program Files\Microsoft Visual Studio\2022\Community\MSBuild\Microsoft\VC\v170\Microsoft.CppCommon.targets(254,5): error MSB8066: Custom build for 'O:\RustDesk-build\rustdesk-flutter\flutter\build\windows\x64\CMakeFiles\ea2cb0130f58ee8794d5e267f4689e8e\flutter_windows.dll.rule;O:\RustDesk-build\rustdesk-flutter\flutter\build\windows\x64\CMakeFiles\fc3a6726efab142811fedb78e143f83e\flutter_assemble.rule;O:\RustDesk-build\rustdesk-flutter\flutter\windows\flutter\CMakeLists.txt' exited with code 1. [O:\RustDesk-build\rustdesk-flutter\flutter\build\windows\x64\flutter\flutter_assemble.vcxproj]
Building Windows application...                                   116.7s
Build process failed.
Error occurred when executing: `flutter build windows --release`. Exiting.
features: ['flutter']
False
